              total        used        free      shared  buff/cache   available
Mem:    16622166016  5408968704  8132292608   150626304  3080904704 10720518144
Swap:    2147479552          10  2147479542
